../Core/Src/main.cpp:105:6:void Task_serial_read_command(void*)	16	static
../Core/Src/main.cpp:118:6:void Task_can1_send_sync(void*)	16	static
../Core/Src/main.cpp:129:6:void Task_can2_read_message(void*)	16	static
../Core/Src/main.cpp:135:6:void HAL_CAN_RxFifo0MsgPendingCallback(CAN_HandleTypeDef*)	24	static,ignoring_inline_asm
../Core/Src/main.cpp:148:6:void HAL_UART_RxCpltCallback(UART_HandleTypeDef*)	24	static,ignoring_inline_asm
../Core/Src/main.cpp:164:6:void config()	32	static,ignoring_inline_asm
../Core/Src/main.cpp:198:5:int main()	112	static,ignoring_inline_asm
../Core/Src/main.cpp:310:6:void SystemClock_Config()	88	static
../Core/Src/main.cpp:349:13:void MX_CAN1_Init()	8	static
../Core/Src/main.cpp:407:13:void MX_CAN2_Init()	8	static
../Core/Src/main.cpp:465:13:void MX_USART3_UART_Init()	8	static
../Core/Src/main.cpp:496:13:void MX_GPIO_Init()	40	static
../Core/Src/main.cpp:528:6:void StartTask01(const void*)	16	static
../Core/Src/main.cpp:544:6:void StartTask02(const void*)	16	static
../Core/Src/main.cpp:559:6:void StartTask03(const void*)	16	static
../Core/Src/main.cpp:576:6:void HAL_TIM_PeriodElapsedCallback(TIM_HandleTypeDef*)	16	static
../Core/Src/main.cpp:592:6:void Error_Handler()	4	static,ignoring_inline_asm
../Core/Src/main.cpp:599:1:void __static_initialization_and_destruction_0(int, int)	16	static
../Core/Src/main.cpp:599:1:cpp)	8	static
