../Core/Src/main.cpp:98:10:uint16_t calc_crc16(const uint8_t*, uint8_t)	24	static
../Core/Src/main.cpp:112:6:void Task_1(void*)	152	static
../Core/Src/main.cpp:174:6:void Task_2(void*)	16	static
../Core/Src/main.cpp:183:7:void HAL_CAN_RxFifo0MsgPendingCallback(CAN_HandleTypeDef*)	16	static
../Core/Src/main.cpp:198:6:void HAL_UART_RxCpltCallback(UART_HandleTypeDef*)	24	static,ignoring_inline_asm
../Core/Src/main.cpp:223:6:void config()	32	static,ignoring_inline_asm
../Core/Src/main.cpp:256:5:int main()	80	static,ignoring_inline_asm
../Core/Src/main.cpp:364:6:void SystemClock_Config()	88	static
../Core/Src/main.cpp:406:13:void MX_CAN1_Init()	8	static
../Core/Src/main.cpp:467:13:void MX_CAN2_Init()	8	static
../Core/Src/main.cpp:528:13:void MX_USART3_UART_Init()	8	static
../Core/Src/main.cpp:561:13:void MX_GPIO_Init()	40	static
../Core/Src/main.cpp:593:6:void StartTask01(const void*)	16	static
../Core/Src/main.cpp:611:6:void StartTask02(const void*)	16	static
../Core/Src/main.cpp:630:6:void HAL_TIM_PeriodElapsedCallback(TIM_HandleTypeDef*)	16	static
../Core/Src/main.cpp:647:6:void Error_Handler()	4	static,ignoring_inline_asm
../Core/Src/main.cpp:656:1:void __static_initialization_and_destruction_0(int, int)	16	static
../Core/Src/main.cpp:656:1:cpp)	8	static
