../Core/Src/main.cpp:114:10:uint16_t calc_crc16(const uint8_t*, uint8_t)	24	static
../Core/Src/main.cpp:128:6:void Task_1(void*)	24	static
../Core/Src/main.cpp:160:6:void Task_2(void*)	16	static
../Core/Src/main.cpp:179:7:void HAL_CAN_RxFifo0MsgPendingCallback(CAN_HandleTypeDef*)	16	static
../Core/Src/main.cpp:194:6:void HAL_UART_RxCpltCallback(UART_HandleTypeDef*)	24	static,ignoring_inline_asm
../Core/Src/main.cpp:219:6:void config()	32	static,ignoring_inline_asm
../Core/Src/main.cpp:252:5:int main()	80	static,ignoring_inline_asm
../Core/Src/main.cpp:360:6:void SystemClock_Config()	88	static
../Core/Src/main.cpp:402:13:void MX_CAN1_Init()	8	static
../Core/Src/main.cpp:463:13:void MX_CAN2_Init()	8	static
../Core/Src/main.cpp:524:13:void MX_USART3_UART_Init()	8	static
../Core/Src/main.cpp:557:13:void MX_GPIO_Init()	40	static
../Core/Src/main.cpp:589:6:void StartTask01(const void*)	16	static
../Core/Src/main.cpp:607:6:void StartTask02(const void*)	16	static
../Core/Src/main.cpp:626:6:void HAL_TIM_PeriodElapsedCallback(TIM_HandleTypeDef*)	16	static
../Core/Src/main.cpp:643:6:void Error_Handler()	4	static,ignoring_inline_asm
../Core/Src/main.cpp:652:1:void __static_initialization_and_destruction_0(int, int)	16	static
../Core/Src/main.cpp:652:1:cpp)	8	static
