../Core/Src/main.c:77:6:HAL_GPIO_EXTI_Callback	16	static
../Core/Src/main.c:108:6:HAL_CAN_TxMailbox0CompleteCallback	16	static
../Core/Src/main.c:113:6:HAL_CAN_RxFifo0MsgPendingCallback	16	static
../Core/Src/main.c:133:5:main	16	static
../Core/Src/main.c:270:6:SystemClock_Config	88	static
../Core/Src/main.c:312:13:MX_CAN1_Init	8	static
../Core/Src/main.c:349:13:MX_CAN2_Init	8	static
../Core/Src/main.c:386:13:MX_USART3_UART_Init	8	static
../Core/Src/main.c:419:13:MX_GPIO_Init	40	static
../Core/Src/main.c:458:6:Error_Handler	4	static,ignoring_inline_asm
