../Core/Src/main.c:74:6:HAL_GPIO_EXTI_Callback	16	static
../Core/Src/main.c:105:6:HAL_CAN_TxMailbox0CompleteCallback	16	static
../Core/Src/main.c:110:6:HAL_CAN_RxFifo0MsgPendingCallback	16	static
../Core/Src/main.c:130:5:main	8	static
../Core/Src/main.c:263:6:SystemClock_Config	88	static
../Core/Src/main.c:305:13:MX_CAN1_Init	8	static
../Core/Src/main.c:342:13:MX_CAN2_Init	8	static
../Core/Src/main.c:379:13:MX_GPIO_Init	48	static
../Core/Src/main.c:419:6:Error_Handler	4	static,ignoring_inline_asm
