../Core/Src/main.c:83:5:_write	24	static
../Core/Src/main.c:90:6:Task_1	16	static
../Core/Src/main.c:121:6:Task_2	16	static
../Core/Src/main.c:131:7:HAL_CAN_RxFifo0MsgPendingCallback	16	static
../Core/Src/main.c:152:5:main	72	static,ignoring_inline_asm
../Core/Src/main.c:281:6:SystemClock_Config	88	static
../Core/Src/main.c:323:13:MX_CAN1_Init	48	static
../Core/Src/main.c:386:13:MX_CAN2_Init	48	static
../Core/Src/main.c:448:13:MX_USART3_UART_Init	8	static
../Core/Src/main.c:481:13:MX_GPIO_Init	48	static
../Core/Src/main.c:520:6:StartDefaultTask	16	static
../Core/Src/main.c:539:6:HAL_TIM_PeriodElapsedCallback	16	static
../Core/Src/main.c:556:6:Error_Handler	4	static,ignoring_inline_asm
