../Core/Src/main.cpp:84:5:int _write(int, char*, int)	24	static
../Core/Src/main.cpp:91:6:void Task_1(void*)	16	static
../Core/Src/main.cpp:122:6:void Task_2(void*)	16	static
../Core/Src/main.cpp:132:7:void HAL_CAN_RxFifo0MsgPendingCallback(CAN_HandleTypeDef*)	16	static
../Core/Src/main.cpp:147:6:void config()	32	static,ignoring_inline_asm
../Core/Src/main.cpp:178:5:int main()	72	static
../Core/Src/main.cpp:258:6:void SystemClock_Config()	88	static
../Core/Src/main.cpp:300:13:void MX_CAN1_Init()	8	static
../Core/Src/main.cpp:337:13:void MX_CAN2_Init()	8	static
../Core/Src/main.cpp:374:13:void MX_USART3_UART_Init()	8	static
../Core/Src/main.cpp:407:13:void MX_GPIO_Init()	40	static
../Core/Src/main.cpp:439:6:void StartTask01(const void*)	16	static
../Core/Src/main.cpp:457:6:void StartTask02(const void*)	16	static
../Core/Src/main.cpp:476:6:void HAL_TIM_PeriodElapsedCallback(TIM_HandleTypeDef*)	16	static
../Core/Src/main.cpp:493:6:void Error_Handler()	4	static,ignoring_inline_asm
