/opt/st/stm32cubeide_1.9.0/plugins/com.st.stm32cube.ide.mcu.externaltools.gnu-tools-for-stm32.10.3-2021.10.linux64_1.0.0.202111181127/tools/arm-none-eabi/include/c++/10.3.1/arm-none-eabi/thumb/v7e-m+fp/hard/bits/gthr-default.h:229:1:int __gthread_key_delete(__gthread_key_t)	16	static
../Core/Src/protocol.cpp:11:1:protocol::packet_decoder::packet_decoder()	16	static
../Core/Src/protocol.cpp:23:12:TickType_t protocol::packet_decoder::Time_get_diff()	24	static
../Core/Src/protocol.cpp:31:6:void protocol::packet_decoder::Time_clear_diff()	16	static
../Core/Src/protocol.cpp:35:6:void protocol::packet_decoder::handle_pkt_state_idle()	16	static
../Core/Src/protocol.cpp:41:6:void protocol::packet_decoder::handle_pkt_state_expecting_start_sync1()	16	static
../Core/Src/protocol.cpp:50:6:void protocol::packet_decoder::handle_pkt_state_expecting_start_sync2()	16	static
../Core/Src/protocol.cpp:59:6:void protocol::packet_decoder::handle_pkt_state_expecting_start_sync3()	16	static
../Core/Src/protocol.cpp:68:6:void protocol::packet_decoder::handle_pkt_state_expecting_length()	16	static
../Core/Src/protocol.cpp:79:6:void protocol::packet_decoder::handle_pkt_state_expecting_payload()	16	static
../Core/Src/protocol.cpp:91:6:void protocol::packet_decoder::handle_pkt_state_expecting_crc1()	16	static
../Core/Src/protocol.cpp:97:6:void protocol::packet_decoder::handle_pkt_state_expecting_crc2()	16	static
../Core/Src/protocol.cpp:108:6:void protocol::packet_decoder::handle_pkt_state_expecting_terminator()	16	static
../Core/Src/protocol.cpp:119:6:void protocol::packet_decoder::feed(uint8_t)	16	static
../Core/Src/protocol.cpp:125:6:void protocol::packet_decoder::check_timeouts()	24	static
../Core/Src/protocol.cpp:150:6:void protocol::packet_decoder::reset()	16	static
../Core/Src/protocol.cpp:164:1:protocol::packet_encoder::packet_encoder()	16	static
../Core/Src/protocol.cpp:171:6:void protocol::packet_encoder::calc_crc_and_close_packet(uint8_t)	24	static
../Core/Src/protocol.cpp:179:10:uint8_t* protocol::packet_encoder::get_payload_buffer()	16	static
../Core/Src/protocol.cpp:188:16:const uint8_t* protocol::packet_encoder::get_packet() const	16	static
../Core/Src/protocol.cpp:192:6:void protocol::packet_encoder::send(uint8_t)	24	static
../Core/Src/protocol.cpp:198:10:uint16_t protocol::calc_crc16(const uint8_t*, uint8_t)	24	static
../Core/Src/protocol.cpp:210:1:void __static_initialization_and_destruction_0(int, int)	16	static
../Core/Src/protocol.cpp:210:1:cpp)	8	static
../Core/Src/protocol.cpp:210:1:cpp)	8	static
