../Core/Src/main.c:85:5:_write	24	static
../Core/Src/main.c:92:6:Task_1	16	static
../Core/Src/main.c:105:6:Task_2	16	static
../Core/Src/main.c:115:7:HAL_CAN_RxFifo0MsgPendingCallback	16	static
../Core/Src/main.c:136:5:main	72	static,ignoring_inline_asm
../Core/Src/main.c:252:6:SystemClock_Config	88	static
../Core/Src/main.c:294:13:MX_CAN1_Init	48	static
../Core/Src/main.c:357:13:MX_CAN2_Init	48	static
../Core/Src/main.c:419:13:MX_USART3_UART_Init	8	static
../Core/Src/main.c:452:13:MX_GPIO_Init	40	static
../Core/Src/main.c:484:6:StartDefaultTask	16	static
../Core/Src/main.c:503:6:HAL_TIM_PeriodElapsedCallback	16	static
../Core/Src/main.c:520:6:Error_Handler	4	static,ignoring_inline_asm
