../Core/Src/main.cpp:85:5:int _write(int, char*, int)	24	static
../Core/Src/main.cpp:92:6:void Task_1(void*)	16	static
../Core/Src/main.cpp:124:6:void Task_2(void*)	16	static
../Core/Src/main.cpp:134:7:void HAL_CAN_RxFifo0MsgPendingCallback(CAN_HandleTypeDef*)	16	static
../Core/Src/main.cpp:155:5:int main()	72	static,ignoring_inline_asm
../Core/Src/main.cpp:282:6:void SystemClock_Config()	88	static
../Core/Src/main.cpp:324:13:void MX_CAN1_Init()	48	static
../Core/Src/main.cpp:387:13:void MX_CAN2_Init()	48	static
../Core/Src/main.cpp:449:13:void MX_USART3_UART_Init()	8	static
../Core/Src/main.cpp:482:13:void MX_GPIO_Init()	40	static
../Core/Src/main.cpp:514:6:void StartDefaultTask(const void*)	16	static
../Core/Src/main.cpp:533:6:void HAL_TIM_PeriodElapsedCallback(TIM_HandleTypeDef*)	16	static
../Core/Src/main.cpp:550:6:void Error_Handler()	4	static,ignoring_inline_asm
