10:07:37 **** Incremental Build of configuration Debug for project CAN_PRUEBA ****
make -j2 all 
arm-none-eabi-gcc "../Core/Src/main.c" -mcpu=cortex-m4 -std=gnu11 -g3 -DDEBUG -DUSE_HAL_DRIVER -DSTM32F429xx -c -I../Core/Inc -I../Drivers/STM32F4xx_HAL_Driver/Inc -I../Drivers/STM32F4xx_HAL_Driver/Inc/Legacy -I../Drivers/CMSIS/Device/ST/STM32F4xx/Include -I../Drivers/CMSIS/Include -O0 -ffunction-sections -fdata-sections -Wall -fstack-usage -MMD -MP -MF"Core/Src/main.d" -MT"Core/Src/main.o" --specs=nano.specs -mfpu=fpv4-sp-d16 -mfloat-abi=hard -mthumb -o "Core/Src/main.o"
arm-none-eabi-gcc -o "CAN_PRUEBA.elf" @"objects.list"   -mcpu=cortex-m4 -T"/home/ezequiel/Firmware/Firmware/CAN_PRUEBA/STM32F429ZITX_FLASH.ld" --specs=nosys.specs -Wl,-Map="CAN_PRUEBA.map" -Wl,--gc-sections -static --specs=nano.specs -mfpu=fpv4-sp-d16 -mfloat-abi=hard -mthumb -Wl,--start-group -lc -lm -Wl,--end-group
Finished building target: CAN_PRUEBA.elf
 
arm-none-eabi-size   CAN_PRUEBA.elf 
arm-none-eabi-objdump -h -S  CAN_PRUEBA.elf  > "CAN_PRUEBA.list"
   text	   data	    bss	    dec	    hex	filename
  14824	     20	   1852	  16696	   4138	CAN_PRUEBA.elf
Finished building: default.size.stdout
 
Finished building: CAN_PRUEBA.list
 

10:07:39 Build Finished. 0 errors, 0 warnings. (took 1s.532ms)

